============================= test session starts ==============================
platform linux -- Python 3.14.7, pytest-9.1.1, pluggy-1.6.0 -- /home/ozkangu/.hermes/tools/python-3.14.7+20260901-linux-arm64/bin/python3
cachedir: .pytest_cache
rootdir: /home/ozkangu/Desktop/purpleloop
configfile: pytest.ini
testpaths: tests
plugins: anyio-4.14.2
collecting ... collected 97 items

tests/test_audit.py::test_append_and_verify PASSED                       [  1%]
tests/test_audit.py::test_chain_links_prev_sha PASSED                    [  2%]
tests/test_audit.py::test_tamper_field_detected PASSED                   [  3%]
tests/test_audit.py::test_deleted_line_detected PASSED                   [  4%]
tests/test_audit.py::test_inserted_line_detected PASSED                  [  5%]
tests/test_audit.py::test_corrupt_json_detected PASSED                   [  6%]
tests/test_audit.py::test_scope_deny_is_audited PASSED                   [  7%]
tests/test_killswitch.py::test_inactive_when_file_absent PASSED          [  8%]
tests/test_killswitch.py::test_active_when_file_exists PASSED            [  9%]
tests/test_killswitch.py::test_empty_file_still_active PASSED            [ 10%]
tests/test_killswitch.py::test_unreadable_dir_fail_closed PASSED         [ 11%]
tests/test_killswitch.py::test_any_active PASSED                         [ 12%]
tests/test_scope.py::test_invalid_json_string_raises PASSED              [ 13%]
tests/test_scope.py::test_empty_string_raises PASSED                     [ 14%]
tests/test_scope.py::test_non_object_raises PASSED                       [ 15%]
tests/test_scope.py::test_missing_targets PASSED                         [ 16%]
tests/test_scope.py::test_missing_ports PASSED                           [ 17%]
tests/test_scope.py::test_missing_methods PASSED                         [ 18%]
tests/test_scope.py::test_empty_targets PASSED                           [ 19%]
tests/test_scope.py::test_empty_ports PASSED                             [ 20%]
tests/test_scope.py::test_empty_methods PASSED                           [ 21%]
tests/test_scope.py::test_port_zero PASSED                               [ 22%]
tests/test_scope.py::test_port_too_high PASSED                           [ 23%]
tests/test_scope.py::test_port_string PASSED                             [ 24%]
tests/test_scope.py::test_port_bool PASSED                               [ 25%]
tests/test_scope.py::test_invalid_cidr PASSED                            [ 26%]
tests/test_scope.py::test_invalid_ip PASSED                              [ 27%]
tests/test_scope.py::test_invalid_domain PASSED                          [ 28%]
tests/test_scope.py::test_bare_wildcard_forbidden PASSED                 [ 29%]
tests/test_scope.py::test_malformed_wildcard PASSED                      [ 30%]
tests/test_scope.py::test_invalid_method_case PASSED                     [ 31%]
tests/test_scope.py::test_invalid_time_window_missing_end PASSED         [ 32%]
tests/test_scope.py::test_invalid_time_window_format PASSED              [ 34%]
tests/test_scope.py::test_valid_contract_loads PASSED                    [ 35%]
tests/test_scope.py::test_fixture[fx01] PASSED                           [ 36%]
tests/test_scope.py::test_fixture[fx02] PASSED                           [ 37%]
tests/test_scope.py::test_fixture[fx03] PASSED                           [ 38%]
tests/test_scope.py::test_fixture[fx04] PASSED                           [ 39%]
tests/test_scope.py::test_fixture[fx05] PASSED                           [ 40%]
tests/test_scope.py::test_fixture[fx06] PASSED                           [ 41%]
tests/test_scope.py::test_fixture[fx07] PASSED                           [ 42%]
tests/test_scope.py::test_fixture[fx08] PASSED                           [ 43%]
tests/test_scope.py::test_fixture[fx09] PASSED                           [ 44%]
tests/test_scope.py::test_fixture[fx10] PASSED                           [ 45%]
tests/test_scope.py::test_fixture[fx11] PASSED                           [ 46%]
tests/test_scope.py::test_fixture[fx12] PASSED                           [ 47%]
tests/test_scope.py::test_fixture[fx13] PASSED                           [ 48%]
tests/test_scope.py::test_fixture[fx14] PASSED                           [ 49%]
tests/test_scope.py::test_fixture[fx15] PASSED                           [ 50%]
tests/test_scope.py::test_fixture[fx16] PASSED                           [ 51%]
tests/test_scope.py::test_fixture[fx17] PASSED                           [ 52%]
tests/test_scope.py::test_fixture[fx18] PASSED                           [ 53%]
tests/test_scope.py::test_fixture[fx19] PASSED                           [ 54%]
tests/test_scope.py::test_fixture[fx20] PASSED                           [ 55%]
tests/test_scope.py::test_fixture[fx21] PASSED                           [ 56%]
tests/test_scope.py::test_fixture[fx22] PASSED                           [ 57%]
tests/test_scope.py::test_fixture[fx23] PASSED                           [ 58%]
tests/test_scope.py::test_fixture[fx24] PASSED                           [ 59%]
tests/test_scope.py::test_fixture[fx25] PASSED                           [ 60%]
tests/test_scope.py::test_fixture[fx26] PASSED                           [ 61%]
tests/test_scope.py::test_fixture[fx27] PASSED                           [ 62%]
tests/test_scope.py::test_fixture[fx28] PASSED                           [ 63%]
tests/test_scope.py::test_fixture[fx29] PASSED                           [ 64%]
tests/test_scope.py::test_fixture[fx30] PASSED                           [ 65%]
tests/test_scope.py::test_fixture[fx31] PASSED                           [ 67%]
tests/test_scope.py::test_fixture[fx32] PASSED                           [ 68%]
tests/test_scope.py::test_fixture[fx33] PASSED                           [ 69%]
tests/test_scope.py::test_fixture[fx34] PASSED                           [ 70%]
tests/test_scope.py::test_fixture[fx35] PASSED                           [ 71%]
tests/test_scope.py::test_fixture[fx36] PASSED                           [ 72%]
tests/test_scope.py::test_fixture[fx37] PASSED                           [ 73%]
tests/test_scope.py::test_fixture[fx38] PASSED                           [ 74%]
tests/test_scope.py::test_fixture[fx39] PASSED                           [ 75%]
tests/test_scope.py::test_fixture[fx40] PASSED                           [ 76%]
tests/test_scope.py::test_fixture[fx41] PASSED                           [ 77%]
tests/test_scope.py::test_fixture[fx42] PASSED                           [ 78%]
tests/test_scope.py::test_fixture[fx43] PASSED                           [ 79%]
tests/test_scope.py::test_fixture[fx44] PASSED                           [ 80%]
tests/test_scope.py::test_fixture[fx45] PASSED                           [ 81%]
tests/test_scope.py::test_fixture[fx46] PASSED                           [ 82%]
tests/test_scope.py::test_fixture[fx47] PASSED                           [ 83%]
tests/test_scope.py::test_fixture[fx48] PASSED                           [ 84%]
tests/test_scope.py::test_fixture[fx49] PASSED                           [ 85%]
tests/test_scope.py::test_fixture[fx50] PASSED                           [ 86%]
tests/test_scope.py::test_fixture_count_is_50 PASSED                     [ 87%]
tests/test_scope.py::test_missing_host_denied PASSED                     [ 88%]
tests/test_scope.py::test_none_host_denied PASSED                        [ 89%]
tests/test_scope.py::test_empty_host_denied PASSED                       [ 90%]
tests/test_scope.py::test_missing_port_denied PASSED                     [ 91%]
tests/test_scope.py::test_none_port_denied PASSED                        [ 92%]
tests/test_scope.py::test_missing_method_denied PASSED                   [ 93%]
tests/test_scope.py::test_empty_method_denied PASSED                     [ 94%]
tests/test_scope.py::test_bool_port_denied PASSED                        [ 95%]
tests/test_scope.py::test_no_window_contract_allows_night PASSED         [ 96%]
tests/test_scope.py::test_overnight_window PASSED                        [ 97%]
tests/test_scope.py::test_all_methods_wildcard_forbidden PASSED          [ 98%]
tests/test_scope.py::test_ipv6_scope PASSED                              [100%]

============================== 97 passed in 0.11s ==============================
